../Core/Src/stm32l4xx_it.c:79:6:NMI_Handler	0	static
../Core/Src/stm32l4xx_it.c:92:6:HardFault_Handler	0	static
../Core/Src/stm32l4xx_it.c:107:6:MemManage_Handler	0	static
../Core/Src/stm32l4xx_it.c:122:6:BusFault_Handler	0	static
../Core/Src/stm32l4xx_it.c:137:6:UsageFault_Handler	0	static
../Core/Src/stm32l4xx_it.c:152:6:SVC_Handler	0	static
../Core/Src/stm32l4xx_it.c:165:6:DebugMon_Handler	0	static
../Core/Src/stm32l4xx_it.c:178:6:PendSV_Handler	0	static
../Core/Src/stm32l4xx_it.c:191:6:SysTick_Handler	0	static
../Core/Src/stm32l4xx_it.c:212:6:DMA1_Channel6_IRQHandler	0	static
../Core/Src/stm32l4xx_it.c:226:6:USART2_IRQHandler	8	static
